2026-07-01 08:02:11 INFO Starting service on port 8080
2026-07-01 08:02:12 INFO Connected to database
2026-07-01 08:05:44 WARNING High memory usage detected: 78%
2026-07-01 08:07:19 ERROR Failed to connect to cache server
2026-07-01 08:07:20 INFO Retrying cache connection
2026-07-01 08:07:22 INFO Cache connection established
2026-07-01 08:15:03 WARNING Slow query detected: 3.2s
2026-07-01 08:22:41 ERROR Timeout while calling upstream API
2026-07-01 08:22:42 ERROR Retry limit exceeded for upstream API
2026-07-01 08:30:00 INFO Health check passed
2026-07-01 08:45:12 WARNING Disk usage at 82%
2026-07-01 09:01:05 INFO User login: alice
2026-07-01 09:03:47 ERROR NullPointerException in request handler
2026-07-01 09:10:22 INFO User login: bob
2026-07-01 09:12:00 WARNING High memory usage detected: 81%
2026-07-01 09:20:33 INFO Scheduled backup started
2026-07-01 09:25:10 INFO Scheduled backup completed
2026-07-01 09:40:15 ERROR Disk write failed on /var/data
2026-07-01 09:41:00 WARNING Retrying disk write
2026-07-01 09:41:05 INFO Disk write succeeded